2026-05-25 19:54:57 INFO  (LoggingInitialization) Using log config file: jar:file:/opt/homebrew/Cellar/ghidra/12.1/libexec/Ghidra/Framework/Generic/lib/Generic.jar!/generic.log4j.xml  
2026-05-25 19:54:57 INFO  (LoggingInitialization) Using log file: analysis/ghidra-logs/analyze.log  
2026-05-25 19:54:57 DEBUG (GhidraObjectInputFilter) Including serial input filter: FileSystem/data/client.rmi.serial.filter  
2026-05-25 19:54:57 INFO  (Preferences) Loading user preferences: /Users/jmitch/Library/ghidra/ghidra_12.1_PUBLIC/preferences  
2026-05-25 19:54:57 INFO  (ClassSearcher) Searching for classes...  
2026-05-25 19:54:58 INFO  (ClassSearcher) Class search complete (756 ms)  
2026-05-25 19:54:58 INFO  (DefaultSSLContextInitializer) Initializing SSL Context  
2026-05-25 19:54:58 INFO  (SecureRandomFactory) Initializing Random Number Generator...  
2026-05-25 19:54:58 INFO  (SecureRandomFactory) Random Number Generator initialization complete: NativePRNGNonBlocking  
2026-05-25 19:54:58 INFO  (DefaultTrustManagerFactory) Trust manager disabled, cacerts have not been set  
2026-05-25 19:54:59 INFO  (AnalyzeHeadless) Headless startup complete (2470 ms)  
2026-05-25 19:54:59 INFO  (ClassSearcher) Class searcher loaded 92 extension points (46 false positives)  
2026-05-25 19:55:00 INFO  (HeadlessAnalyzer) HEADLESS Script Paths:
    /opt/homebrew/Cellar/ghidra/12.1/libexec/Ghidra/Features/SwiftDemangler/ghidra_scripts
    /opt/homebrew/Cellar/ghidra/12.1/libexec/Ghidra/Processors/8051/ghidra_scripts
    /opt/homebrew/Cellar/ghidra/12.1/libexec/Ghidra/Features/BSim/ghidra_scripts
    /opt/homebrew/Cellar/ghidra/12.1/libexec/Ghidra/Features/VersionTracking/ghidra_scripts
    /Users/jmitch/GitHub/Murphy_M3/tools
    /opt/homebrew/Cellar/ghidra/12.1/libexec/Ghidra/Features/GnuDemangler/ghidra_scripts
    /opt/homebrew/Cellar/ghidra/12.1/libexec/Ghidra/Features/DecompilerDependent/ghidra_scripts
    /opt/homebrew/Cellar/ghidra/12.1/libexec/Ghidra/Features/FunctionID/ghidra_scripts
    /opt/homebrew/Cellar/ghidra/12.1/libexec/Ghidra/Features/SystemEmulation/ghidra_scripts
    /opt/homebrew/Cellar/ghidra/12.1/libexec/Ghidra/Processors/Atmel/ghidra_scripts
    /opt/homebrew/Cellar/ghidra/12.1/libexec/Ghidra/Processors/PIC/ghidra_scripts
    /opt/homebrew/Cellar/ghidra/12.1/libexec/Ghidra/Debug/Debugger/ghidra_scripts
    /opt/homebrew/Cellar/ghidra/12.1/libexec/Ghidra/Features/PyGhidra/ghidra_scripts
    /opt/homebrew/Cellar/ghidra/12.1/libexec/Ghidra/Features/Decompiler/ghidra_scripts
    /opt/homebrew/Cellar/ghidra/12.1/libexec/Ghidra/Debug/Debugger-rmi-trace/ghidra_scripts
    /opt/homebrew/Cellar/ghidra/12.1/libexec/Ghidra/Features/WildcardAssembler/ghidra_scripts
    /opt/homebrew/Cellar/ghidra/12.1/libexec/Ghidra/Features/FileFormats/ghidra_scripts
    /opt/homebrew/Cellar/ghidra/12.1/libexec/Ghidra/Processors/JVM/ghidra_scripts
    /opt/homebrew/Cellar/ghidra/12.1/libexec/Ghidra/Features/Base/ghidra_scripts
    /opt/homebrew/Cellar/ghidra/12.1/libexec/Ghidra/Features/BytePatterns/ghidra_scripts
    /opt/homebrew/Cellar/ghidra/12.1/libexec/Ghidra/Features/PDB/ghidra_scripts
    /opt/homebrew/Cellar/ghidra/12.1/libexec/Ghidra/Processors/DATA/ghidra_scripts
    /opt/homebrew/Cellar/ghidra/12.1/libexec/Ghidra/Features/MicrosoftCodeAnalyzer/ghidra_scripts  
2026-05-25 19:55:00 ERROR (HeadlessAnalyzer) REPORT SCRIPT ERROR: LoadEsp32S3Segments.java : Script not found: LoadEsp32S3Segments.java  
2026-05-25 19:55:00 ERROR (HeadlessAnalyzer) Abort due to Headless analyzer error: Invalid script: LoadEsp32S3Segments.java java.lang.IllegalArgumentException: Invalid script: LoadEsp32S3Segments.java
	at ghidra.app.util.headless.HeadlessAnalyzer.checkScript(HeadlessAnalyzer.java:810)
	at ghidra.app.util.headless.HeadlessAnalyzer.checkScriptsList(HeadlessAnalyzer.java:823)
	at ghidra.app.util.headless.HeadlessAnalyzer.compileScripts(HeadlessAnalyzer.java:857)
	at ghidra.app.util.headless.HeadlessAnalyzer.processLocal(HeadlessAnalyzer.java:426)
	at ghidra.app.util.headless.AnalyzeHeadless.launch(AnalyzeHeadless.java:199)
	at ghidra.GhidraLauncher.launch(GhidraLauncher.java:81)
	at ghidra.Ghidra.main(Ghidra.java:54)
 
2026-05-25 19:55:15 INFO  (LoggingInitialization) Using log config file: jar:file:/opt/homebrew/Cellar/ghidra/12.1/libexec/Ghidra/Framework/Generic/lib/Generic.jar!/generic.log4j.xml  
2026-05-25 19:55:15 INFO  (LoggingInitialization) Using log file: analysis/ghidra-logs/analyze.log  
2026-05-25 19:55:15 DEBUG (GhidraObjectInputFilter) Including serial input filter: FileSystem/data/client.rmi.serial.filter  
2026-05-25 19:55:15 INFO  (Preferences) Loading user preferences: /Users/jmitch/Library/ghidra/ghidra_12.1_PUBLIC/preferences  
2026-05-25 19:55:15 INFO  (ClassSearcher) Searching for classes...  
2026-05-25 19:55:16 INFO  (ClassSearcher) Class search complete (769 ms)  
2026-05-25 19:55:16 INFO  (DefaultSSLContextInitializer) Initializing SSL Context  
2026-05-25 19:55:16 INFO  (SecureRandomFactory) Initializing Random Number Generator...  
2026-05-25 19:55:16 INFO  (SecureRandomFactory) Random Number Generator initialization complete: NativePRNGNonBlocking  
2026-05-25 19:55:16 INFO  (DefaultTrustManagerFactory) Trust manager disabled, cacerts have not been set  
2026-05-25 19:55:16 INFO  (AnalyzeHeadless) Headless startup complete (1802 ms)  
2026-05-25 19:55:16 INFO  (ClassSearcher) Class searcher loaded 92 extension points (46 false positives)  
2026-05-25 19:55:17 INFO  (HeadlessAnalyzer) HEADLESS Script Paths:
    /opt/homebrew/Cellar/ghidra/12.1/libexec/Ghidra/Features/SwiftDemangler/ghidra_scripts
    /opt/homebrew/Cellar/ghidra/12.1/libexec/Ghidra/Processors/8051/ghidra_scripts
    /opt/homebrew/Cellar/ghidra/12.1/libexec/Ghidra/Features/BSim/ghidra_scripts
    /opt/homebrew/Cellar/ghidra/12.1/libexec/Ghidra/Features/VersionTracking/ghidra_scripts
    /opt/homebrew/Cellar/ghidra/12.1/libexec/Ghidra/Features/GnuDemangler/ghidra_scripts
    /opt/homebrew/Cellar/ghidra/12.1/libexec/Ghidra/Features/DecompilerDependent/ghidra_scripts
    /opt/homebrew/Cellar/ghidra/12.1/libexec/Ghidra/Features/FunctionID/ghidra_scripts
    /opt/homebrew/Cellar/ghidra/12.1/libexec/Ghidra/Features/SystemEmulation/ghidra_scripts
    /opt/homebrew/Cellar/ghidra/12.1/libexec/Ghidra/Processors/Atmel/ghidra_scripts
    /opt/homebrew/Cellar/ghidra/12.1/libexec/Ghidra/Processors/PIC/ghidra_scripts
    /opt/homebrew/Cellar/ghidra/12.1/libexec/Ghidra/Debug/Debugger/ghidra_scripts
    /opt/homebrew/Cellar/ghidra/12.1/libexec/Ghidra/Features/PyGhidra/ghidra_scripts
    /opt/homebrew/Cellar/ghidra/12.1/libexec/Ghidra/Features/Decompiler/ghidra_scripts
    /opt/homebrew/Cellar/ghidra/12.1/libexec/Ghidra/Debug/Debugger-rmi-trace/ghidra_scripts
    /opt/homebrew/Cellar/ghidra/12.1/libexec/Ghidra/Features/WildcardAssembler/ghidra_scripts
    /Users/jmitch/GitHub/Murphy_M3/tools/ghidra_scripts
    /opt/homebrew/Cellar/ghidra/12.1/libexec/Ghidra/Features/FileFormats/ghidra_scripts
    /opt/homebrew/Cellar/ghidra/12.1/libexec/Ghidra/Processors/JVM/ghidra_scripts
    /opt/homebrew/Cellar/ghidra/12.1/libexec/Ghidra/Features/Base/ghidra_scripts
    /opt/homebrew/Cellar/ghidra/12.1/libexec/Ghidra/Features/BytePatterns/ghidra_scripts
    /opt/homebrew/Cellar/ghidra/12.1/libexec/Ghidra/Features/PDB/ghidra_scripts
    /opt/homebrew/Cellar/ghidra/12.1/libexec/Ghidra/Processors/DATA/ghidra_scripts
    /opt/homebrew/Cellar/ghidra/12.1/libexec/Ghidra/Features/MicrosoftCodeAnalyzer/ghidra_scripts  
2026-05-25 19:55:17 ERROR (HeadlessAnalyzer) REPORT SCRIPT ERROR: LoadEsp32S3Segments.java : Script not found: LoadEsp32S3Segments.java  
2026-05-25 19:55:17 ERROR (HeadlessAnalyzer) Abort due to Headless analyzer error: Invalid script: LoadEsp32S3Segments.java java.lang.IllegalArgumentException: Invalid script: LoadEsp32S3Segments.java
	at ghidra.app.util.headless.HeadlessAnalyzer.checkScript(HeadlessAnalyzer.java:810)
	at ghidra.app.util.headless.HeadlessAnalyzer.checkScriptsList(HeadlessAnalyzer.java:823)
	at ghidra.app.util.headless.HeadlessAnalyzer.compileScripts(HeadlessAnalyzer.java:857)
	at ghidra.app.util.headless.HeadlessAnalyzer.processLocal(HeadlessAnalyzer.java:426)
	at ghidra.app.util.headless.AnalyzeHeadless.launch(AnalyzeHeadless.java:199)
	at ghidra.GhidraLauncher.launch(GhidraLauncher.java:81)
	at ghidra.Ghidra.main(Ghidra.java:54)
 
2026-05-25 19:56:19 INFO  (LoggingInitialization) Using log config file: jar:file:/opt/homebrew/Cellar/ghidra/12.1/libexec/Ghidra/Framework/Generic/lib/Generic.jar!/generic.log4j.xml  
2026-05-25 19:56:19 INFO  (LoggingInitialization) Using log file: analysis/ghidra-logs/analyze.log  
2026-05-25 19:56:19 DEBUG (GhidraObjectInputFilter) Including serial input filter: FileSystem/data/client.rmi.serial.filter  
2026-05-25 19:56:19 INFO  (Preferences) Loading user preferences: /Users/jmitch/Library/ghidra/ghidra_12.1_PUBLIC/preferences  
2026-05-25 19:56:19 INFO  (ClassSearcher) Searching for classes...  
2026-05-25 19:56:19 INFO  (ClassSearcher) Class search complete (774 ms)  
2026-05-25 19:56:20 INFO  (DefaultSSLContextInitializer) Initializing SSL Context  
2026-05-25 19:56:20 INFO  (SecureRandomFactory) Initializing Random Number Generator...  
2026-05-25 19:56:20 INFO  (SecureRandomFactory) Random Number Generator initialization complete: NativePRNGNonBlocking  
2026-05-25 19:56:20 INFO  (DefaultTrustManagerFactory) Trust manager disabled, cacerts have not been set  
2026-05-25 19:56:20 INFO  (AnalyzeHeadless) Headless startup complete (2128 ms)  
2026-05-25 19:56:20 INFO  (ClassSearcher) Class searcher loaded 92 extension points (46 false positives)  
2026-05-25 19:56:20 INFO  (HeadlessAnalyzer) HEADLESS Script Paths:
    /opt/homebrew/Cellar/ghidra/12.1/libexec/Ghidra/Features/SwiftDemangler/ghidra_scripts
    /opt/homebrew/Cellar/ghidra/12.1/libexec/Ghidra/Processors/8051/ghidra_scripts
    /opt/homebrew/Cellar/ghidra/12.1/libexec/Ghidra/Features/BSim/ghidra_scripts
    /opt/homebrew/Cellar/ghidra/12.1/libexec/Ghidra/Features/VersionTracking/ghidra_scripts
    /opt/homebrew/Cellar/ghidra/12.1/libexec/Ghidra/Features/GnuDemangler/ghidra_scripts
    /opt/homebrew/Cellar/ghidra/12.1/libexec/Ghidra/Features/DecompilerDependent/ghidra_scripts
    /opt/homebrew/Cellar/ghidra/12.1/libexec/Ghidra/Features/FunctionID/ghidra_scripts
    /opt/homebrew/Cellar/ghidra/12.1/libexec/Ghidra/Features/SystemEmulation/ghidra_scripts
    /opt/homebrew/Cellar/ghidra/12.1/libexec/Ghidra/Processors/Atmel/ghidra_scripts
    /opt/homebrew/Cellar/ghidra/12.1/libexec/Ghidra/Processors/PIC/ghidra_scripts
    /opt/homebrew/Cellar/ghidra/12.1/libexec/Ghidra/Debug/Debugger/ghidra_scripts
    /opt/homebrew/Cellar/ghidra/12.1/libexec/Ghidra/Features/PyGhidra/ghidra_scripts
    /opt/homebrew/Cellar/ghidra/12.1/libexec/Ghidra/Features/Decompiler/ghidra_scripts
    /opt/homebrew/Cellar/ghidra/12.1/libexec/Ghidra/Debug/Debugger-rmi-trace/ghidra_scripts
    /opt/homebrew/Cellar/ghidra/12.1/libexec/Ghidra/Features/WildcardAssembler/ghidra_scripts
    /Users/jmitch/GitHub/Murphy_M3/tools/ghidra_scripts
    /opt/homebrew/Cellar/ghidra/12.1/libexec/Ghidra/Features/FileFormats/ghidra_scripts
    /opt/homebrew/Cellar/ghidra/12.1/libexec/Ghidra/Processors/JVM/ghidra_scripts
    /opt/homebrew/Cellar/ghidra/12.1/libexec/Ghidra/Features/Base/ghidra_scripts
    /opt/homebrew/Cellar/ghidra/12.1/libexec/Ghidra/Features/BytePatterns/ghidra_scripts
    /opt/homebrew/Cellar/ghidra/12.1/libexec/Ghidra/Features/PDB/ghidra_scripts
    /opt/homebrew/Cellar/ghidra/12.1/libexec/Ghidra/Processors/DATA/ghidra_scripts
    /opt/homebrew/Cellar/ghidra/12.1/libexec/Ghidra/Features/MicrosoftCodeAnalyzer/ghidra_scripts  
2026-05-25 19:56:20 INFO  (HeadlessAnalyzer) HEADLESS: execution starts  
2026-05-25 19:56:20 INFO  (HeadlessAnalyzer) Creating project: /Users/jmitch/GitHub/Murphy_M3/analysis/ghidra-project/MurphyM3  
2026-05-25 19:56:20 INFO  (DefaultProject) Creating project: /Users/jmitch/GitHub/Murphy_M3/analysis/ghidra-project/MurphyM3  
2026-05-25 19:56:20 INFO  (HeadlessAnalyzer) REPORT: Processing input files:   
2026-05-25 19:56:20 INFO  (HeadlessAnalyzer)      project: /Users/jmitch/GitHub/Murphy_M3/analysis/ghidra-project/MurphyM3  
2026-05-25 19:56:20 INFO  (HeadlessAnalyzer) IMPORTING: file:///Users/jmitch/GitHub/Murphy_M3/analysis/extracted/app0.bin  
2026-05-25 19:56:20 INFO  (ProgramLoader) Successfully applied "-loader-baseAddr" to "Base Address" (old: "null", new: "0x0")  
2026-05-25 19:56:21 INFO  (ProgramLoader) Using Loader: Raw Binary  
2026-05-25 19:56:21 INFO  (ProgramLoader) Using Language/Compiler: Xtensa:LE:32:default:default  
2026-05-25 19:56:21 INFO  (ProgramLoader) Using Library Search Path: [., /System/Library/dyld/dyld_shared_cache_arm64e, /System/Library/dyld/dyld_shared_cache_x86_64, /System/Library/dyld/dyld_shared_cache_x86_64h, /System/Cryptexes/OS/System/Library/dyld/dyld_shared_cache_arm64e, /System/Cryptexes/OS/System/Library/dyld/dyld_shared_cache_x86_64, /System/Cryptexes/OS/System/Library/dyld/dyld_shared_cache_x86_64h, /Users/jmitch/Library/Java/Extensions, /Library/Java/Extensions, /Network/Library/Java/Extensions, /System/Library/Java/Extensions, /usr/lib/java]  
2026-05-25 19:56:21 INFO  (HeadlessAnalyzer) IMPORTING: Loaded 0 additional files  
2026-05-25 19:56:21 INFO  (HeadlessAnalyzer) ANALYZING all memory and code: file:///Users/jmitch/GitHub/Murphy_M3/analysis/extracted/app0.bin  
2026-05-25 19:56:22 DEBUG (InstructionError) Instruction conflict details at 00185eb2
  New Instruction: retw.n
     loopEnd(01,01) == 0x1
  Existing Instruction: retw.n
     [Instruction context has not been set]  
2026-05-25 19:56:22 DEBUG (InstructionError) Instruction conflict details at 00185eb2
  New Instruction: retw.n
     loopEnd(01,01) == 0x1
  Existing Instruction: retw.n
     [Instruction context has not been set]  
2026-05-25 19:56:22 DEBUG (InstructionError) Instruction conflict details at 00185eb2
  New Instruction: retw.n
     loopEnd(01,01) == 0x1
  Existing Instruction: retw.n
     [Instruction context has not been set]  
2026-05-25 19:56:22 DEBUG (InstructionError) Instruction conflict details at 001b6680
  New Instruction: movi.n a11,0x14
     loopEnd(01,01) == 0x1
  Existing Instruction: movi.n a11,0x14
     [Instruction context has not been set]  
2026-05-25 19:56:22 DEBUG (InstructionError) Instruction conflict details at 001b6680
  New Instruction: movi.n a11,0x14
     loopEnd(01,01) == 0x1
  Existing Instruction: movi.n a11,0x14
     [Instruction context has not been set]  
2026-05-25 19:56:22 DEBUG (InstructionError) Instruction conflict details at 001b6680
  New Instruction: movi.n a11,0x14
     loopEnd(01,01) == 0x1
  Existing Instruction: movi.n a11,0x14
     [Instruction context has not been set]  
2026-05-25 19:56:23 DEBUG (InstructionError) Instruction conflict details at 00169280
  New Instruction: l32i a11,a4,0x1b8
     loopEnd(01,01) == 0x1
  Existing Instruction: l32i a11,a4,0x1b8
     [Instruction context has not been set]  
2026-05-25 19:56:23 DEBUG (InstructionError) Instruction conflict details at 00169280
  New Instruction: l32i a11,a4,0x1b8
     loopEnd(01,01) == 0x1
  Existing Instruction: l32i a11,a4,0x1b8
     [Instruction context has not been set]  
2026-05-25 19:56:23 DEBUG (InstructionError) Instruction conflict details at 00169280
  New Instruction: l32i a11,a4,0x1b8
     loopEnd(01,01) == 0x1
  Existing Instruction: l32i a11,a4,0x1b8
     [Instruction context has not been set]  
2026-05-25 19:56:23 DEBUG (InstructionError) Instruction conflict details at 00183403
  New Instruction: movi.n a2,0x0
     loopEnd(01,01) == 0x1
  Existing Instruction: movi.n a2,0x0
     [Instruction context has not been set]  
2026-05-25 19:56:23 DEBUG (InstructionError) Instruction conflict details at 00183403
  New Instruction: movi.n a2,0x0
     loopEnd(01,01) == 0x1
  Existing Instruction: movi.n a2,0x0
     [Instruction context has not been set]  
2026-05-25 19:56:23 DEBUG (InstructionError) Instruction conflict details at 00183403
  New Instruction: movi.n a2,0x0
     loopEnd(01,01) == 0x1
  Existing Instruction: movi.n a2,0x0
     [Instruction context has not been set]  
2026-05-25 19:56:23 DEBUG (InstructionError) Instruction conflict details at 001912e8
  New Instruction: movi.n a6,0x2
     loopEnd(01,01) == 0x1
  Existing Instruction: movi.n a6,0x2
     [Instruction context has not been set]  
2026-05-25 19:56:23 DEBUG (InstructionError) Instruction conflict details at 001912e8
  New Instruction: movi.n a6,0x2
     loopEnd(01,01) == 0x1
  Existing Instruction: movi.n a6,0x2
     [Instruction context has not been set]  
2026-05-25 19:56:23 DEBUG (InstructionError) Instruction conflict details at 001912e8
  New Instruction: movi.n a6,0x2
     loopEnd(01,01) == 0x1
  Existing Instruction: movi.n a6,0x2
     [Instruction context has not been set]  
2026-05-25 19:56:23 DEBUG (InstructionError) Instruction conflict details at 001b95d3
  New Instruction: l8ui a6,a2,0x3
     loopEnd(01,01) == 0x1
  Existing Instruction: l8ui a6,a2,0x3
     [Instruction context has not been set]  
2026-05-25 19:56:23 DEBUG (InstructionError) Instruction conflict details at 001b95d3
  New Instruction: l8ui a6,a2,0x3
     loopEnd(01,01) == 0x1
  Existing Instruction: l8ui a6,a2,0x3
     [Instruction context has not been set]  
2026-05-25 19:56:23 DEBUG (InstructionError) Instruction conflict details at 001b95d3
  New Instruction: l8ui a6,a2,0x3
     loopEnd(01,01) == 0x1
  Existing Instruction: l8ui a6,a2,0x3
     [Instruction context has not been set]  
2026-05-25 19:56:24 DEBUG (InstructionError) Instruction conflict details at 001d0523
  New Instruction: mov.n a2,a10
     loopEnd(01,01) == 0x1
  Existing Instruction: mov.n a2,a10
     [Instruction context has not been set]  
2026-05-25 19:56:24 DEBUG (InstructionError) Instruction conflict details at 001d0523
  New Instruction: mov.n a2,a10
     loopEnd(01,01) == 0x1
  Existing Instruction: mov.n a2,a10
     [Instruction context has not been set]  
2026-05-25 19:56:24 DEBUG (InstructionError) Instruction conflict details at 001d0523
  New Instruction: mov.n a2,a10
     loopEnd(01,01) == 0x1
  Existing Instruction: mov.n a2,a10
     [Instruction context has not been set]  
2026-05-25 19:56:24 DEBUG (InstructionError) Instruction conflict details at 001d51d8
  New Instruction: retw.n
     loopEnd(01,01) == 0x1
  Existing Instruction: retw.n
     [Instruction context has not been set]  
2026-05-25 19:56:24 DEBUG (InstructionError) Instruction conflict details at 001d51d8
  New Instruction: retw.n
     loopEnd(01,01) == 0x1
  Existing Instruction: retw.n
     [Instruction context has not been set]  
2026-05-25 19:56:24 DEBUG (InstructionError) Instruction conflict details at 001d51d8
  New Instruction: retw.n
     loopEnd(01,01) == 0x1
  Existing Instruction: retw.n
     [Instruction context has not been set]  
2026-05-25 19:56:24 DEBUG (InstructionError) Instruction conflict details at 0021427f
  New Instruction: l16ui a5,a9,0x0
     loopEnd(01,01) == 0x1
  Existing Instruction: l16ui a5,a9,0x0
     [Instruction context has not been set]  
2026-05-25 19:56:24 DEBUG (InstructionError) Instruction conflict details at 0021427f
  New Instruction: l16ui a5,a9,0x0
     loopEnd(01,01) == 0x1
  Existing Instruction: l16ui a5,a9,0x0
     [Instruction context has not been set]  
2026-05-25 19:56:24 DEBUG (InstructionError) Instruction conflict details at 0021427f
  New Instruction: l16ui a5,a9,0x0
     loopEnd(01,01) == 0x1
  Existing Instruction: l16ui a5,a9,0x0
     [Instruction context has not been set]  
2026-05-25 19:56:24 DEBUG (InstructionError) Instruction conflict details at 00233b25
  New Instruction: retw.n
     loopEnd(01,01) == 0x1
  Existing Instruction: retw.n
     [Instruction context has not been set]  
2026-05-25 19:56:24 DEBUG (InstructionError) Instruction conflict details at 00233b25
  New Instruction: retw.n
     loopEnd(01,01) == 0x1
  Existing Instruction: retw.n
     [Instruction context has not been set]  
2026-05-25 19:56:24 DEBUG (InstructionError) Instruction conflict details at 00233b25
  New Instruction: retw.n
     loopEnd(01,01) == 0x1
  Existing Instruction: retw.n
     [Instruction context has not been set]  
2026-05-25 19:56:24 DEBUG (InstructionError) Instruction conflict details at 00233b25
  New Instruction: retw.n
     loopEnd(01,01) == 0x1
  Existing Instruction: retw.n
     [Instruction context has not been set]  
2026-05-25 19:56:24 DEBUG (InstructionError) Instruction conflict details at 00233b25
  New Instruction: retw.n
     loopEnd(01,01) == 0x1
  Existing Instruction: retw.n
     [Instruction context has not been set]  
2026-05-25 19:56:24 DEBUG (InstructionError) Instruction conflict details at 0024a30f
  New Instruction: l32r a9,0x00169c60
     loopEnd(01,01) == 0x1
  Existing Instruction: l32r a9,0x00169c60
     [Instruction context has not been set]  
2026-05-25 19:56:24 DEBUG (InstructionError) Instruction conflict details at 0024a30f
  New Instruction: l32r a9,0x00169c60
     loopEnd(01,01) == 0x1
  Existing Instruction: l32r a9,0x00169c60
     [Instruction context has not been set]  
2026-05-25 19:56:24 DEBUG (InstructionError) Instruction conflict details at 0024a30f
  New Instruction: l32r a9,0x00169c60
     loopEnd(01,01) == 0x1
  Existing Instruction: l32r a9,0x00169c60
     [Instruction context has not been set]  
2026-05-25 19:56:24 DEBUG (InstructionError) Instruction conflict details at 0024a30f
  New Instruction: l32r a9,0x00169c60
     loopEnd(01,01) == 0x1
  Existing Instruction: l32r a9,0x00169c60
     [Instruction context has not been set]  
2026-05-25 19:56:24 DEBUG (InstructionError) Instruction conflict details at 0024a30f
  New Instruction: l32r a9,0x00169c60
     loopEnd(01,01) == 0x1
  Existing Instruction: l32r a9,0x00169c60
     [Instruction context has not been set]  
2026-05-25 19:56:31 WARN  (DecompileCallback) Decompiling 0025c484: Unable to read bytes at ram:84b0b016  
2026-05-25 19:56:31 WARN  (DecompileCallback) Decompiling 0027479c: Unable to read bytes at ram:e504bd9c  
2026-05-25 19:56:31 WARN  (DecompileCallback) Decompiling 002a3f54: Unable to read bytes at ram:4a52124a  
2026-05-25 19:56:31 WARN  (DecompileCallback) Decompiling 0026e278: Unable to read bytes at ram:60226aa3  
2026-05-25 19:56:31 WARN  (DecompileCallback) Decompiling 0026e278: Unable to read bytes at ram:2abb5a06  
2026-05-25 19:56:31 WARN  (DecompileCallback) Decompiling 002752e0: Unable to read bytes at ram:698c7490  
2026-05-25 19:56:31 WARN  (DecompileCallback) Decompiling 0027c680: Unable to read bytes at ram:0517a21a  
2026-05-25 19:56:31 WARN  (DecompileCallback) Decompiling 00298948: Unable to read bytes at ram:d4a0a000  
2026-05-25 19:56:31 WARN  (DecompileCallback) Decompiling 0025c640: Unable to read bytes at ram:19692110  
2026-05-25 19:56:31 WARN  (DecompileCallback) Decompiling 00287040: Unable to read bytes at ram:0cbb8791  
2026-05-25 19:56:31 WARN  (DecompileCallback) Decompiling 0027d094: Unable to read bytes at ram:0557a241  
2026-05-25 19:56:32 WARN  (DecompileCallback) Decompiling 0026e4bc: Unable to read bytes at ram:14038200  
2026-05-25 19:56:32 WARN  (DecompileCallback) Decompiling 0027aa88: Unable to read bytes at ram:d496494a  
2026-05-25 19:56:32 WARN  (DecompileCallback) Decompiling 0027aa88, pcode error at 4a2c941a: Could not follow disassembly flow into non-existing memory at 4a2c941a  
2026-05-25 19:56:32 WARN  (DecompileCallback) Decompiling 0027aa88: Unable to read bytes at ram:d496494a  
2026-05-25 19:56:32 WARN  (DecompileCallback) Decompiling 002a4a44: Unable to read bytes at ram:491252ff  
2026-05-25 19:56:32 WARN  (DecompileCallback) Decompiling 0027aa88, pcode error at 4a2c941a: Could not follow disassembly flow into non-existing memory at 4a2c941a  
2026-05-25 19:56:32 WARN  (DecompileCallback) Decompiling 0027aa88: Unable to read bytes at ram:d496494a  
2026-05-25 19:56:35 WARN  (DecompileCallback) Decompiling 00288538: Unable to read bytes at ram:0898bb67  
2026-05-25 19:56:35 WARN  (DecompileCallback) Decompiling 00288538: Unable to read bytes at ram:ba849159  
2026-05-25 19:56:35 WARN  (DecompileCallback) Decompiling 00298464: Unable to read bytes at ram:ffe90683  
2026-05-25 19:56:35 WARN  (DecompileCallback) Decompiling 00293be4: Unable to read bytes at ram:37e83832  
2026-05-25 19:56:35 WARN  (DecompileCallback) Decompiling 00298464: Unable to read bytes at ram:89e30000  
2026-05-25 19:56:35 WARN  (DecompileCallback) Decompiling 00293be4: Unable to read bytes at ram:4420130c  
2026-05-25 19:56:35 WARN  (DecompileCallback) Decompiling 00298464, pcode error at 59080000: Could not follow disassembly flow into non-existing memory at 59080000  
2026-05-25 19:56:35 WARN  (DecompileCallback) Decompiling 00298464: Unable to read bytes at ram:ffe90683  
2026-05-25 19:56:35 WARN  (DecompileCallback) Decompiling 00298464: Unable to read bytes at ram:89e30000  
2026-05-25 19:56:35 WARN  (DecompileCallback) Decompiling 00298464, pcode error at 59080000: Could not follow disassembly flow into non-existing memory at 59080000  
2026-05-25 19:56:35 WARN  (DecompileCallback) Decompiling 00298464: Unable to read bytes at ram:89e30000  
2026-05-25 19:56:42 DEBUG (FidAnalyzer) No FID Libraries apply for language Xtensa:LE:32:default  
2026-05-25 19:56:42 INFO  (PackedDatabaseCache) Packed database cache: /var/tmp/jmitch-ghidra/packed-db-cache  
2026-05-25 19:56:42 DEBUG (PackedDatabaseCache) Using cached packed database: /opt/homebrew/Cellar/ghidra/12.1/libexec/Ghidra/Features/Base/data/typeinfo/generic/generic_clib.gdt  
2026-05-25 19:56:42 INFO  (ApplyDataArchiveAnalyzer) Applied data type archive: generic_clib  
2026-05-25 19:56:53 INFO  (AutoAnalysisManager) -----------------------------------------------------
    ASCII Strings                              0.470 secs
    Apply Data Archives                        0.451 secs
    Basic Constant Reference Analyzer          6.278 secs
    Call-Fixup Installer                       0.045 secs
    Create Address Tables                      0.169 secs
    Create Address Tables - One Time           3.969 secs
    Create Function                            1.096 secs
    Data Reference                             0.827 secs
    Decompiler Switch Analysis                 6.326 secs
    Demangler GNU                              0.008 secs
    Disassemble                                4.209 secs
    Disassemble Entry Points                   0.001 secs
    Embedded Media                             0.072 secs
    External Entry References                  0.000 secs
    Function ID                                0.027 secs
    Function Start Search                      0.071 secs
    Function Start Search After Code           0.073 secs
    Function Start Search After Data           0.005 secs
    Non-Returning Functions - Discovered       1.730 secs
    Reference                                  1.351 secs
    Shared Return Calls                        0.378 secs
    Stack                                      4.377 secs
    Subroutine References                      0.324 secs
    Subroutine References - One Time           0.130 secs
-----------------------------------------------------
     Total Time   32 secs
-----------------------------------------------------
  
2026-05-25 19:56:53 INFO  (HeadlessAnalyzer) REPORT: Analysis succeeded for file: file:///Users/jmitch/GitHub/Murphy_M3/analysis/extracted/app0.bin  
2026-05-25 19:56:53 INFO  (HeadlessAnalyzer) REPORT: Execute script: LoadEsp32S3Segments.java '/Users/jmitch/GitHub/Murphy_M3/analysis/extracted/app0.bin'   
2026-05-25 19:56:54 INFO  (HeadlessAnalyzer) SCRIPT: /Users/jmitch/GitHub/Murphy_M3/tools/ghidra_scripts/LoadEsp32S3Segments.java  
2026-05-25 19:56:54 INFO  (GhidraScript) Mapped 7 ESP32-S3 segments, entry 0x40377b70  
2026-05-25 19:56:54 INFO  (HeadlessAnalyzer) ANALYZING changes made by post scripts: file:///Users/jmitch/GitHub/Murphy_M3/analysis/extracted/app0.bin  
2026-05-25 19:56:54 INFO  (HeadlessAnalyzer) REPORT: Post-analysis succeeded for file: file:///Users/jmitch/GitHub/Murphy_M3/analysis/extracted/app0.bin  
2026-05-25 19:56:54 INFO  (LocalFileSystem) /app0.bin: file created (jmitch)  
2026-05-25 19:56:54 INFO  (HeadlessAnalyzer) REPORT: Save succeeded for: /app0.bin (MurphyM3:/app0.bin)  
2026-05-25 19:56:54 INFO  (HeadlessAnalyzer) REPORT: Import succeeded  
2026-05-25 19:57:04 INFO  (LoggingInitialization) Using log config file: jar:file:/opt/homebrew/Cellar/ghidra/12.1/libexec/Ghidra/Framework/Generic/lib/Generic.jar!/generic.log4j.xml  
2026-05-25 19:57:04 INFO  (LoggingInitialization) Using log file: analysis/ghidra-logs/analyze.log  
2026-05-25 19:57:04 DEBUG (GhidraObjectInputFilter) Including serial input filter: FileSystem/data/client.rmi.serial.filter  
2026-05-25 19:57:04 INFO  (Preferences) Loading user preferences: /Users/jmitch/Library/ghidra/ghidra_12.1_PUBLIC/preferences  
2026-05-25 19:57:04 INFO  (ClassSearcher) Searching for classes...  
2026-05-25 19:57:05 INFO  (ClassSearcher) Class search complete (753 ms)  
2026-05-25 19:57:05 INFO  (DefaultSSLContextInitializer) Initializing SSL Context  
2026-05-25 19:57:05 INFO  (SecureRandomFactory) Initializing Random Number Generator...  
2026-05-25 19:57:05 INFO  (SecureRandomFactory) Random Number Generator initialization complete: NativePRNGNonBlocking  
2026-05-25 19:57:05 INFO  (DefaultTrustManagerFactory) Trust manager disabled, cacerts have not been set  
2026-05-25 19:57:06 INFO  (AnalyzeHeadless) Headless startup complete (1836 ms)  
2026-05-25 19:57:06 INFO  (ClassSearcher) Class searcher loaded 92 extension points (46 false positives)  
2026-05-25 19:57:06 INFO  (HeadlessAnalyzer) HEADLESS Script Paths:
    /opt/homebrew/Cellar/ghidra/12.1/libexec/Ghidra/Features/SwiftDemangler/ghidra_scripts
    /opt/homebrew/Cellar/ghidra/12.1/libexec/Ghidra/Processors/8051/ghidra_scripts
    /opt/homebrew/Cellar/ghidra/12.1/libexec/Ghidra/Features/BSim/ghidra_scripts
    /opt/homebrew/Cellar/ghidra/12.1/libexec/Ghidra/Features/VersionTracking/ghidra_scripts
    /opt/homebrew/Cellar/ghidra/12.1/libexec/Ghidra/Features/GnuDemangler/ghidra_scripts
    /opt/homebrew/Cellar/ghidra/12.1/libexec/Ghidra/Features/DecompilerDependent/ghidra_scripts
    /opt/homebrew/Cellar/ghidra/12.1/libexec/Ghidra/Features/FunctionID/ghidra_scripts
    /opt/homebrew/Cellar/ghidra/12.1/libexec/Ghidra/Features/SystemEmulation/ghidra_scripts
    /opt/homebrew/Cellar/ghidra/12.1/libexec/Ghidra/Processors/Atmel/ghidra_scripts
    /opt/homebrew/Cellar/ghidra/12.1/libexec/Ghidra/Processors/PIC/ghidra_scripts
    /opt/homebrew/Cellar/ghidra/12.1/libexec/Ghidra/Debug/Debugger/ghidra_scripts
    /opt/homebrew/Cellar/ghidra/12.1/libexec/Ghidra/Features/PyGhidra/ghidra_scripts
    /opt/homebrew/Cellar/ghidra/12.1/libexec/Ghidra/Features/Decompiler/ghidra_scripts
    /opt/homebrew/Cellar/ghidra/12.1/libexec/Ghidra/Debug/Debugger-rmi-trace/ghidra_scripts
    /opt/homebrew/Cellar/ghidra/12.1/libexec/Ghidra/Features/WildcardAssembler/ghidra_scripts
    /Users/jmitch/GitHub/Murphy_M3/tools/ghidra_scripts
    /opt/homebrew/Cellar/ghidra/12.1/libexec/Ghidra/Features/FileFormats/ghidra_scripts
    /opt/homebrew/Cellar/ghidra/12.1/libexec/Ghidra/Processors/JVM/ghidra_scripts
    /opt/homebrew/Cellar/ghidra/12.1/libexec/Ghidra/Features/Base/ghidra_scripts
    /opt/homebrew/Cellar/ghidra/12.1/libexec/Ghidra/Features/BytePatterns/ghidra_scripts
    /opt/homebrew/Cellar/ghidra/12.1/libexec/Ghidra/Features/PDB/ghidra_scripts
    /opt/homebrew/Cellar/ghidra/12.1/libexec/Ghidra/Processors/DATA/ghidra_scripts
    /opt/homebrew/Cellar/ghidra/12.1/libexec/Ghidra/Features/MicrosoftCodeAnalyzer/ghidra_scripts  
2026-05-25 19:57:06 INFO  (HeadlessAnalyzer) HEADLESS: execution starts  
2026-05-25 19:57:06 INFO  (HeadlessAnalyzer) Creating project: /Users/jmitch/GitHub/Murphy_M3/analysis/ghidra-project/MurphyM3  
2026-05-25 19:57:06 INFO  (DefaultProject) Creating project: /Users/jmitch/GitHub/Murphy_M3/analysis/ghidra-project/MurphyM3  
2026-05-25 19:57:06 INFO  (HeadlessAnalyzer) REPORT: Processing input files:   
2026-05-25 19:57:06 INFO  (HeadlessAnalyzer)      project: /Users/jmitch/GitHub/Murphy_M3/analysis/ghidra-project/MurphyM3  
2026-05-25 19:57:06 INFO  (HeadlessAnalyzer) IMPORTING: file:///Users/jmitch/GitHub/Murphy_M3/analysis/extracted/app0.bin  
2026-05-25 19:57:06 INFO  (ProgramLoader) Successfully applied "-loader-baseAddr" to "Base Address" (old: "null", new: "0x0")  
2026-05-25 19:57:06 INFO  (ProgramLoader) Using Loader: Raw Binary  
2026-05-25 19:57:06 INFO  (ProgramLoader) Using Language/Compiler: Xtensa:LE:32:default:default  
2026-05-25 19:57:06 INFO  (ProgramLoader) Using Library Search Path: [., /System/Library/dyld/dyld_shared_cache_arm64e, /System/Library/dyld/dyld_shared_cache_x86_64, /System/Library/dyld/dyld_shared_cache_x86_64h, /System/Cryptexes/OS/System/Library/dyld/dyld_shared_cache_arm64e, /System/Cryptexes/OS/System/Library/dyld/dyld_shared_cache_x86_64, /System/Cryptexes/OS/System/Library/dyld/dyld_shared_cache_x86_64h, /Users/jmitch/Library/Java/Extensions, /Library/Java/Extensions, /Network/Library/Java/Extensions, /System/Library/Java/Extensions, /usr/lib/java]  
2026-05-25 19:57:06 INFO  (HeadlessAnalyzer) IMPORTING: Loaded 0 additional files  
2026-05-25 19:57:06 INFO  (HeadlessAnalyzer) REPORT: Execute script: LoadEsp32S3Segments.java '/Users/jmitch/GitHub/Murphy_M3/analysis/extracted/app0.bin'   
2026-05-25 19:57:06 INFO  (HeadlessAnalyzer) SCRIPT: /Users/jmitch/GitHub/Murphy_M3/tools/ghidra_scripts/LoadEsp32S3Segments.java  
2026-05-25 19:57:06 INFO  (GhidraScript) Mapped 7 ESP32-S3 segments, entry 0x40377b70  
2026-05-25 19:57:06 INFO  (HeadlessAnalyzer) ANALYZING all memory and code: file:///Users/jmitch/GitHub/Murphy_M3/analysis/extracted/app0.bin  
2026-05-25 19:57:08 DEBUG (InstructionError) Instruction conflict details at 00185eb2
  New Instruction: retw.n
     loopEnd(01,01) == 0x1
  Existing Instruction: retw.n
     [Instruction context has not been set]  
2026-05-25 19:57:08 DEBUG (InstructionError) Instruction conflict details at 00185eb2
  New Instruction: retw.n
     loopEnd(01,01) == 0x1
  Existing Instruction: retw.n
     [Instruction context has not been set]  
2026-05-25 19:57:08 DEBUG (InstructionError) Instruction conflict details at 00185eb2
  New Instruction: retw.n
     loopEnd(01,01) == 0x1
  Existing Instruction: retw.n
     [Instruction context has not been set]  
2026-05-25 19:57:08 DEBUG (InstructionError) Instruction conflict details at 001b6680
  New Instruction: movi.n a11,0x14
     loopEnd(01,01) == 0x1
  Existing Instruction: movi.n a11,0x14
     [Instruction context has not been set]  
2026-05-25 19:57:08 DEBUG (InstructionError) Instruction conflict details at 001b6680
  New Instruction: movi.n a11,0x14
     loopEnd(01,01) == 0x1
  Existing Instruction: movi.n a11,0x14
     [Instruction context has not been set]  
2026-05-25 19:57:08 DEBUG (InstructionError) Instruction conflict details at 001b6680
  New Instruction: movi.n a11,0x14
     loopEnd(01,01) == 0x1
  Existing Instruction: movi.n a11,0x14
     [Instruction context has not been set]  
2026-05-25 19:57:08 DEBUG (InstructionError) Instruction conflict details at 00169280
  New Instruction: l32i a11,a4,0x1b8
     loopEnd(01,01) == 0x1
  Existing Instruction: l32i a11,a4,0x1b8
     [Instruction context has not been set]  
2026-05-25 19:57:08 DEBUG (InstructionError) Instruction conflict details at 00169280
  New Instruction: l32i a11,a4,0x1b8
     loopEnd(01,01) == 0x1
  Existing Instruction: l32i a11,a4,0x1b8
     [Instruction context has not been set]  
2026-05-25 19:57:08 DEBUG (InstructionError) Instruction conflict details at 00169280
  New Instruction: l32i a11,a4,0x1b8
     loopEnd(01,01) == 0x1
  Existing Instruction: l32i a11,a4,0x1b8
     [Instruction context has not been set]  
2026-05-25 19:57:09 DEBUG (InstructionError) Instruction conflict details at 00183403
  New Instruction: movi.n a2,0x0
     loopEnd(01,01) == 0x1
  Existing Instruction: movi.n a2,0x0
     [Instruction context has not been set]  
2026-05-25 19:57:09 DEBUG (InstructionError) Instruction conflict details at 00183403
  New Instruction: movi.n a2,0x0
     loopEnd(01,01) == 0x1
  Existing Instruction: movi.n a2,0x0
     [Instruction context has not been set]  
2026-05-25 19:57:09 DEBUG (InstructionError) Instruction conflict details at 00183403
  New Instruction: movi.n a2,0x0
     loopEnd(01,01) == 0x1
  Existing Instruction: movi.n a2,0x0
     [Instruction context has not been set]  
2026-05-25 19:57:09 DEBUG (InstructionError) Instruction conflict details at 001912e8
  New Instruction: movi.n a6,0x2
     loopEnd(01,01) == 0x1
  Existing Instruction: movi.n a6,0x2
     [Instruction context has not been set]  
2026-05-25 19:57:09 DEBUG (InstructionError) Instruction conflict details at 001912e8
  New Instruction: movi.n a6,0x2
     loopEnd(01,01) == 0x1
  Existing Instruction: movi.n a6,0x2
     [Instruction context has not been set]  
2026-05-25 19:57:09 DEBUG (InstructionError) Instruction conflict details at 001912e8
  New Instruction: movi.n a6,0x2
     loopEnd(01,01) == 0x1
  Existing Instruction: movi.n a6,0x2
     [Instruction context has not been set]  
2026-05-25 19:57:09 DEBUG (InstructionError) Instruction conflict details at 001b95d3
  New Instruction: l8ui a6,a2,0x3
     loopEnd(01,01) == 0x1
  Existing Instruction: l8ui a6,a2,0x3
     [Instruction context has not been set]  
2026-05-25 19:57:09 DEBUG (InstructionError) Instruction conflict details at 001b95d3
  New Instruction: l8ui a6,a2,0x3
     loopEnd(01,01) == 0x1
  Existing Instruction: l8ui a6,a2,0x3
     [Instruction context has not been set]  
2026-05-25 19:57:09 DEBUG (InstructionError) Instruction conflict details at 001b95d3
  New Instruction: l8ui a6,a2,0x3
     loopEnd(01,01) == 0x1
  Existing Instruction: l8ui a6,a2,0x3
     [Instruction context has not been set]  
2026-05-25 19:57:09 DEBUG (InstructionError) Instruction conflict details at 001d0523
  New Instruction: mov.n a2,a10
     loopEnd(01,01) == 0x1
  Existing Instruction: mov.n a2,a10
     [Instruction context has not been set]  
2026-05-25 19:57:09 DEBUG (InstructionError) Instruction conflict details at 001d0523
  New Instruction: mov.n a2,a10
     loopEnd(01,01) == 0x1
  Existing Instruction: mov.n a2,a10
     [Instruction context has not been set]  
2026-05-25 19:57:09 DEBUG (InstructionError) Instruction conflict details at 001d0523
  New Instruction: mov.n a2,a10
     loopEnd(01,01) == 0x1
  Existing Instruction: mov.n a2,a10
     [Instruction context has not been set]  
2026-05-25 19:57:09 DEBUG (InstructionError) Instruction conflict details at 001d51d8
  New Instruction: retw.n
     loopEnd(01,01) == 0x1
  Existing Instruction: retw.n
     [Instruction context has not been set]  
2026-05-25 19:57:09 DEBUG (InstructionError) Instruction conflict details at 001d51d8
  New Instruction: retw.n
     loopEnd(01,01) == 0x1
  Existing Instruction: retw.n
     [Instruction context has not been set]  
2026-05-25 19:57:09 DEBUG (InstructionError) Instruction conflict details at 001d51d8
  New Instruction: retw.n
     loopEnd(01,01) == 0x1
  Existing Instruction: retw.n
     [Instruction context has not been set]  
2026-05-25 19:57:10 DEBUG (InstructionError) Instruction conflict details at 0021427f
  New Instruction: l16ui a5,a9,0x0
     loopEnd(01,01) == 0x1
  Existing Instruction: l16ui a5,a9,0x0
     [Instruction context has not been set]  
2026-05-25 19:57:10 DEBUG (InstructionError) Instruction conflict details at 0021427f
  New Instruction: l16ui a5,a9,0x0
     loopEnd(01,01) == 0x1
  Existing Instruction: l16ui a5,a9,0x0
     [Instruction context has not been set]  
2026-05-25 19:57:10 DEBUG (InstructionError) Instruction conflict details at 0021427f
  New Instruction: l16ui a5,a9,0x0
     loopEnd(01,01) == 0x1
  Existing Instruction: l16ui a5,a9,0x0
     [Instruction context has not been set]  
2026-05-25 19:57:10 DEBUG (InstructionError) Instruction conflict details at 00233b25
  New Instruction: retw.n
     loopEnd(01,01) == 0x1
  Existing Instruction: retw.n
     [Instruction context has not been set]  
2026-05-25 19:57:10 DEBUG (InstructionError) Instruction conflict details at 00233b25
  New Instruction: retw.n
     loopEnd(01,01) == 0x1
  Existing Instruction: retw.n
     [Instruction context has not been set]  
2026-05-25 19:57:10 DEBUG (InstructionError) Instruction conflict details at 00233b25
  New Instruction: retw.n
     loopEnd(01,01) == 0x1
  Existing Instruction: retw.n
     [Instruction context has not been set]  
2026-05-25 19:57:10 DEBUG (InstructionError) Instruction conflict details at 00233b25
  New Instruction: retw.n
     loopEnd(01,01) == 0x1
  Existing Instruction: retw.n
     [Instruction context has not been set]  
2026-05-25 19:57:10 DEBUG (InstructionError) Instruction conflict details at 00233b25
  New Instruction: retw.n
     loopEnd(01,01) == 0x1
  Existing Instruction: retw.n
     [Instruction context has not been set]  
2026-05-25 19:57:10 DEBUG (InstructionError) Instruction conflict details at 0024a30f
  New Instruction: l32r a9,0x00169c60
     loopEnd(01,01) == 0x1
  Existing Instruction: l32r a9,0x00169c60
     [Instruction context has not been set]  
2026-05-25 19:57:10 DEBUG (InstructionError) Instruction conflict details at 0024a30f
  New Instruction: l32r a9,0x00169c60
     loopEnd(01,01) == 0x1
  Existing Instruction: l32r a9,0x00169c60
     [Instruction context has not been set]  
2026-05-25 19:57:10 DEBUG (InstructionError) Instruction conflict details at 0024a30f
  New Instruction: l32r a9,0x00169c60
     loopEnd(01,01) == 0x1
  Existing Instruction: l32r a9,0x00169c60
     [Instruction context has not been set]  
2026-05-25 19:57:10 DEBUG (InstructionError) Instruction conflict details at 0024a30f
  New Instruction: l32r a9,0x00169c60
     loopEnd(01,01) == 0x1
  Existing Instruction: l32r a9,0x00169c60
     [Instruction context has not been set]  
2026-05-25 19:57:10 DEBUG (InstructionError) Instruction conflict details at 0024a30f
  New Instruction: l32r a9,0x00169c60
     loopEnd(01,01) == 0x1
  Existing Instruction: l32r a9,0x00169c60
     [Instruction context has not been set]  
2026-05-25 19:57:11 DEBUG (InstructionError) Instruction conflict details at 42065eb2
  New Instruction: retw.n
     loopEnd(01,01) == 0x1
  Existing Instruction: retw.n
     [Instruction context has not been set]  
2026-05-25 19:57:11 DEBUG (InstructionError) Instruction conflict details at 42065eb2
  New Instruction: retw.n
     loopEnd(01,01) == 0x1
  Existing Instruction: retw.n
     [Instruction context has not been set]  
2026-05-25 19:57:11 DEBUG (InstructionError) Instruction conflict details at 42065eb2
  New Instruction: retw.n
     loopEnd(01,01) == 0x1
  Existing Instruction: retw.n
     [Instruction context has not been set]  
2026-05-25 19:57:11 DEBUG (InstructionError) Instruction conflict details at 42096680
  New Instruction: movi.n a11,0x14
     loopEnd(01,01) == 0x1
  Existing Instruction: movi.n a11,0x14
     [Instruction context has not been set]  
2026-05-25 19:57:11 DEBUG (InstructionError) Instruction conflict details at 42096680
  New Instruction: movi.n a11,0x14
     loopEnd(01,01) == 0x1
  Existing Instruction: movi.n a11,0x14
     [Instruction context has not been set]  
2026-05-25 19:57:11 DEBUG (InstructionError) Instruction conflict details at 42096680
  New Instruction: movi.n a11,0x14
     loopEnd(01,01) == 0x1
  Existing Instruction: movi.n a11,0x14
     [Instruction context has not been set]  
2026-05-25 19:57:12 DEBUG (InstructionError) Instruction conflict details at 42049280
  New Instruction: l32i a11,a4,0x1b8
     loopEnd(01,01) == 0x1
  Existing Instruction: l32i a11,a4,0x1b8
     [Instruction context has not been set]  
2026-05-25 19:57:12 DEBUG (InstructionError) Instruction conflict details at 42049280
  New Instruction: l32i a11,a4,0x1b8
     loopEnd(01,01) == 0x1
  Existing Instruction: l32i a11,a4,0x1b8
     [Instruction context has not been set]  
2026-05-25 19:57:12 DEBUG (InstructionError) Instruction conflict details at 42049280
  New Instruction: l32i a11,a4,0x1b8
     loopEnd(01,01) == 0x1
  Existing Instruction: l32i a11,a4,0x1b8
     [Instruction context has not been set]  
2026-05-25 19:57:12 DEBUG (InstructionError) Instruction conflict details at 42063403
  New Instruction: movi.n a2,0x0
     loopEnd(01,01) == 0x1
  Existing Instruction: movi.n a2,0x0
     [Instruction context has not been set]  
2026-05-25 19:57:12 DEBUG (InstructionError) Instruction conflict details at 42063403
  New Instruction: movi.n a2,0x0
     loopEnd(01,01) == 0x1
  Existing Instruction: movi.n a2,0x0
     [Instruction context has not been set]  
2026-05-25 19:57:12 DEBUG (InstructionError) Instruction conflict details at 42063403
  New Instruction: movi.n a2,0x0
     loopEnd(01,01) == 0x1
  Existing Instruction: movi.n a2,0x0
     [Instruction context has not been set]  
2026-05-25 19:57:12 DEBUG (InstructionError) Instruction conflict details at 420712e8
  New Instruction: movi.n a6,0x2
     loopEnd(01,01) == 0x1
  Existing Instruction: movi.n a6,0x2
     [Instruction context has not been set]  
2026-05-25 19:57:12 DEBUG (InstructionError) Instruction conflict details at 420712e8
  New Instruction: movi.n a6,0x2
     loopEnd(01,01) == 0x1
  Existing Instruction: movi.n a6,0x2
     [Instruction context has not been set]  
2026-05-25 19:57:12 DEBUG (InstructionError) Instruction conflict details at 420712e8
  New Instruction: movi.n a6,0x2
     loopEnd(01,01) == 0x1
  Existing Instruction: movi.n a6,0x2
     [Instruction context has not been set]  
2026-05-25 19:57:12 DEBUG (InstructionError) Instruction conflict details at 420995d3
  New Instruction: l8ui a6,a2,0x3
     loopEnd(01,01) == 0x1
  Existing Instruction: l8ui a6,a2,0x3
     [Instruction context has not been set]  
2026-05-25 19:57:12 DEBUG (InstructionError) Instruction conflict details at 420995d3
  New Instruction: l8ui a6,a2,0x3
     loopEnd(01,01) == 0x1
  Existing Instruction: l8ui a6,a2,0x3
     [Instruction context has not been set]  
2026-05-25 19:57:12 DEBUG (InstructionError) Instruction conflict details at 420995d3
  New Instruction: l8ui a6,a2,0x3
     loopEnd(01,01) == 0x1
  Existing Instruction: l8ui a6,a2,0x3
     [Instruction context has not been set]  
2026-05-25 19:57:13 DEBUG (InstructionError) Instruction conflict details at 420b0523
  New Instruction: mov.n a2,a10
     loopEnd(01,01) == 0x1
  Existing Instruction: mov.n a2,a10
     [Instruction context has not been set]  
2026-05-25 19:57:13 DEBUG (InstructionError) Instruction conflict details at 420b0523
  New Instruction: mov.n a2,a10
     loopEnd(01,01) == 0x1
  Existing Instruction: mov.n a2,a10
     [Instruction context has not been set]  
2026-05-25 19:57:13 DEBUG (InstructionError) Instruction conflict details at 420b0523
  New Instruction: mov.n a2,a10
     loopEnd(01,01) == 0x1
  Existing Instruction: mov.n a2,a10
     [Instruction context has not been set]  
2026-05-25 19:57:13 DEBUG (InstructionError) Instruction conflict details at 420b51d8
  New Instruction: retw.n
     loopEnd(01,01) == 0x1
  Existing Instruction: retw.n
     [Instruction context has not been set]  
2026-05-25 19:57:13 DEBUG (InstructionError) Instruction conflict details at 420b51d8
  New Instruction: retw.n
     loopEnd(01,01) == 0x1
  Existing Instruction: retw.n
     [Instruction context has not been set]  
2026-05-25 19:57:13 DEBUG (InstructionError) Instruction conflict details at 420b51d8
  New Instruction: retw.n
     loopEnd(01,01) == 0x1
  Existing Instruction: retw.n
     [Instruction context has not been set]  
2026-05-25 19:57:13 DEBUG (InstructionError) Instruction conflict details at 420f427f
  New Instruction: l16ui a5,a9,0x0
     loopEnd(01,01) == 0x1
  Existing Instruction: l16ui a5,a9,0x0
     [Instruction context has not been set]  
2026-05-25 19:57:13 DEBUG (InstructionError) Instruction conflict details at 420f427f
  New Instruction: l16ui a5,a9,0x0
     loopEnd(01,01) == 0x1
  Existing Instruction: l16ui a5,a9,0x0
     [Instruction context has not been set]  
2026-05-25 19:57:13 DEBUG (InstructionError) Instruction conflict details at 420f427f
  New Instruction: l16ui a5,a9,0x0
     loopEnd(01,01) == 0x1
  Existing Instruction: l16ui a5,a9,0x0
     [Instruction context has not been set]  
2026-05-25 19:57:13 DEBUG (InstructionError) Instruction conflict details at 42113b25
  New Instruction: retw.n
     loopEnd(01,01) == 0x1
  Existing Instruction: retw.n
     [Instruction context has not been set]  
2026-05-25 19:57:13 DEBUG (InstructionError) Instruction conflict details at 42113b25
  New Instruction: retw.n
     loopEnd(01,01) == 0x1
  Existing Instruction: retw.n
     [Instruction context has not been set]  
2026-05-25 19:57:13 DEBUG (InstructionError) Instruction conflict details at 42113b25
  New Instruction: retw.n
     loopEnd(01,01) == 0x1
  Existing Instruction: retw.n
     [Instruction context has not been set]  
2026-05-25 19:57:13 DEBUG (InstructionError) Instruction conflict details at 42113b25
  New Instruction: retw.n
     loopEnd(01,01) == 0x1
  Existing Instruction: retw.n
     [Instruction context has not been set]  
2026-05-25 19:57:13 DEBUG (InstructionError) Instruction conflict details at 42113b25
  New Instruction: retw.n
     loopEnd(01,01) == 0x1
  Existing Instruction: retw.n
     [Instruction context has not been set]  
2026-05-25 19:57:14 DEBUG (InstructionError) Instruction conflict details at 4212a30f
  New Instruction: l32r a9,0x42049c60
     loopEnd(01,01) == 0x1
  Existing Instruction: l32r a9,0x42049c60
     [Instruction context has not been set]  
2026-05-25 19:57:14 DEBUG (InstructionError) Instruction conflict details at 4212a30f
  New Instruction: l32r a9,0x42049c60
     loopEnd(01,01) == 0x1
  Existing Instruction: l32r a9,0x42049c60
     [Instruction context has not been set]  
2026-05-25 19:57:14 DEBUG (InstructionError) Instruction conflict details at 4212a30f
  New Instruction: l32r a9,0x42049c60
     loopEnd(01,01) == 0x1
  Existing Instruction: l32r a9,0x42049c60
     [Instruction context has not been set]  
2026-05-25 19:57:14 DEBUG (InstructionError) Instruction conflict details at 4212a30f
  New Instruction: l32r a9,0x42049c60
     loopEnd(01,01) == 0x1
  Existing Instruction: l32r a9,0x42049c60
     [Instruction context has not been set]  
2026-05-25 19:57:14 DEBUG (InstructionError) Instruction conflict details at 4212a30f
  New Instruction: l32r a9,0x42049c60
     loopEnd(01,01) == 0x1
  Existing Instruction: l32r a9,0x42049c60
     [Instruction context has not been set]  
2026-05-25 19:57:22 WARN  (DecompileCallback) Decompiling 0026e278: Unable to read bytes at ram:60226aa3  
2026-05-25 19:57:22 WARN  (DecompileCallback) Decompiling 0026e278: Unable to read bytes at ram:2abb5a06  
2026-05-25 19:57:22 WARN  (DecompileCallback) Decompiling 0027d094: Unable to read bytes at ram:0557a241  
2026-05-25 19:57:23 WARN  (DecompileCallback) Decompiling 4213c640: Unable to read bytes at ram:19692110  
2026-05-25 19:57:23 WARN  (DecompileCallback) Decompiling 42183f54: Unable to read bytes at ram:4a52124a  
2026-05-25 19:57:23 WARN  (DecompileCallback) Decompiling 4215c680: Unable to read bytes at ram:0517a21a  
2026-05-25 19:57:23 WARN  (DecompileCallback) Decompiling 4213c484: Unable to read bytes at ram:84b0b016  
2026-05-25 19:57:23 WARN  (DecompileCallback) Decompiling 42184a44: Unable to read bytes at ram:491252ff  
2026-05-25 19:57:23 WARN  (DecompileCallback) Decompiling 002a4a44: Unable to read bytes at ram:491252ff  
2026-05-25 19:57:23 WARN  (DecompileCallback) Decompiling 0027c680: Unable to read bytes at ram:0517a21a  
2026-05-25 19:57:23 WARN  (DecompileCallback) Decompiling 4214e4bc: Unable to read bytes at ram:14038200  
2026-05-25 19:57:23 WARN  (DecompileCallback) Decompiling 42154038: Unable to read bytes at ram:66820325  
2026-05-25 19:57:23 WARN  (DecompileCallback) Decompiling 00298948: Unable to read bytes at ram:d4a0a000  
2026-05-25 19:57:23 WARN  (DecompileCallback) Decompiling 42142064: Unable to read bytes at ram:74706f5f  
2026-05-25 19:57:23 WARN  (DecompileCallback) Decompiling 42142064, pcode error at 70636864: Could not follow disassembly flow into non-existing memory at 70636864  
2026-05-25 19:57:23 WARN  (DecompileCallback) Decompiling 42142064: Unable to read bytes at ram:74706f5f  
2026-05-25 19:57:23 WARN  (DecompileCallback) Decompiling 42142064, pcode error at 70636864: Could not follow disassembly flow into non-existing memory at 70636864  
2026-05-25 19:57:23 WARN  (DecompileCallback) Decompiling 42142064: Unable to read bytes at ram:74706f5f  
2026-05-25 19:57:23 WARN  (DecompileCallback) Decompiling 4216655c: Unable to read bytes at ram:74a0a0fe  
2026-05-25 19:57:23 WARN  (DecompileCallback) Decompiling 4216e878: Unable to read bytes at ram:65000056  
2026-05-25 19:57:23 WARN  (DecompileCallback) Decompiling 4216e878, pcode error at 40000087: Could not follow disassembly flow into non-existing memory at 40000087  
2026-05-25 19:57:23 WARN  (DecompileCallback) Decompiling 0025c640: Unable to read bytes at ram:19692110  
2026-05-25 19:57:24 WARN  (DecompileCallback) Decompiling 42167040: Unable to read bytes at ram:0cbb8791  
2026-05-25 19:57:24 WARN  (DecompileCallback) Decompiling 0026e4bc: Unable to read bytes at ram:14038200  
2026-05-25 19:57:24 WARN  (DecompileCallback) Decompiling 002a3f54: Unable to read bytes at ram:4a52124a  
2026-05-25 19:57:24 WARN  (DecompileCallback) Decompiling 00287040: Unable to read bytes at ram:0cbb8791  
2026-05-25 19:57:24 WARN  (DecompileCallback) Decompiling 0025c484: Unable to read bytes at ram:84b0b016  
2026-05-25 19:57:24 WARN  (DecompileCallback) Decompiling 4216e878: Unable to read bytes at ram:65000056  
2026-05-25 19:57:24 WARN  (DecompileCallback) Decompiling 4216e878, pcode error at 40000087: Could not follow disassembly flow into non-existing memory at 40000087  
2026-05-25 19:57:24 WARN  (DecompileCallback) Decompiling 4214e278: Unable to read bytes at ram:60226aa3  
2026-05-25 19:57:24 WARN  (DecompileCallback) Decompiling 4214e278: Unable to read bytes at ram:2abb5a06  
2026-05-25 19:57:24 WARN  (DecompileCallback) Decompiling 421552e0: Unable to read bytes at ram:698c7490  
2026-05-25 19:57:24 WARN  (DecompileCallback) Decompiling 0027aa88: Unable to read bytes at ram:d496494a  
2026-05-25 19:57:24 WARN  (DecompileCallback) Decompiling 0027aa88, pcode error at 4a2c941a: Could not follow disassembly flow into non-existing memory at 4a2c941a  
2026-05-25 19:57:24 WARN  (DecompileCallback) Decompiling 4216e878: Unable to read bytes at ram:65000056  
2026-05-25 19:57:24 WARN  (DecompileCallback) Decompiling 0027aa88: Unable to read bytes at ram:d496494a  
2026-05-25 19:57:24 WARN  (DecompileCallback) Decompiling 0027aa88, pcode error at 4a2c941a: Could not follow disassembly flow into non-existing memory at 4a2c941a  
2026-05-25 19:57:24 WARN  (DecompileCallback) Decompiling 0027aa88: Unable to read bytes at ram:d496494a  
2026-05-25 19:57:24 WARN  (DecompileCallback) Decompiling 0027479c: Unable to read bytes at ram:e504bd9c  
2026-05-25 19:57:24 WARN  (DecompileCallback) Decompiling 4215d094: Unable to read bytes at ram:0557a241  
2026-05-25 19:57:24 WARN  (DecompileCallback) Decompiling 4215479c: Unable to read bytes at ram:e504bd9c  
2026-05-25 19:57:24 WARN  (DecompileCallback) Decompiling 42144ca8: Unable to read bytes at ram:21cb881b  
2026-05-25 19:57:24 WARN  (DecompileCallback) Decompiling 4213fba0: Unable to read bytes at ram:025b66ff  
2026-05-25 19:57:24 WARN  (DecompileCallback) Decompiling 4215aa88: Unable to read bytes at ram:d496494a  
2026-05-25 19:57:24 WARN  (DecompileCallback) Decompiling 4215aa88, pcode error at 4a2c941a: Could not follow disassembly flow into non-existing memory at 4a2c941a  
2026-05-25 19:57:24 WARN  (DecompileCallback) Decompiling 4215aa88: Unable to read bytes at ram:d496494a  
2026-05-25 19:57:24 WARN  (DecompileCallback) Decompiling 4215aa88, pcode error at 4a2c941a: Could not follow disassembly flow into non-existing memory at 4a2c941a  
2026-05-25 19:57:24 WARN  (DecompileCallback) Decompiling 4215aa88: Unable to read bytes at ram:d496494a  
2026-05-25 19:57:25 WARN  (DecompileCallback) Decompiling 002752e0: Unable to read bytes at ram:698c7490  
2026-05-25 19:57:25 WARN  (DecompileCallback) Decompiling 42178948: Unable to read bytes at ram:d4a0a000  
2026-05-25 19:57:25 WARN  (DecompileCallback) Decompiling 421689f8: Unable to read bytes at ram:65004136  
2026-05-25 19:57:27 WARN  (DecompileCallback) Decompiling 00288538: Unable to read bytes at ram:0898bb67  
2026-05-25 19:57:27 WARN  (DecompileCallback) Decompiling 00288538: Unable to read bytes at ram:ba849159  
2026-05-25 19:57:27 WARN  (DecompileCallback) Decompiling 42168538: Unable to read bytes at ram:0898bb67  
2026-05-25 19:57:27 WARN  (DecompileCallback) Decompiling 42168538: Unable to read bytes at ram:ba849159  
2026-05-25 19:57:27 WARN  (DecompileCallback) Decompiling 00298464: Unable to read bytes at ram:ffe90683  
2026-05-25 19:57:27 WARN  (DecompileCallback) Decompiling 00298464: Unable to read bytes at ram:89e30000  
2026-05-25 19:57:27 WARN  (DecompileCallback) Decompiling 00298464, pcode error at 59080000: Could not follow disassembly flow into non-existing memory at 59080000  
2026-05-25 19:57:27 WARN  (DecompileCallback) Decompiling 42178464: Unable to read bytes at ram:ffe90683  
2026-05-25 19:57:27 WARN  (DecompileCallback) Decompiling 42178464: Unable to read bytes at ram:89e30000  
2026-05-25 19:57:27 WARN  (DecompileCallback) Decompiling 42178464, pcode error at 59080000: Could not follow disassembly flow into non-existing memory at 59080000  
2026-05-25 19:57:27 WARN  (DecompileCallback) Decompiling 00298464: Unable to read bytes at ram:ffe90683  
2026-05-25 19:57:27 WARN  (DecompileCallback) Decompiling 00298464: Unable to read bytes at ram:89e30000  
2026-05-25 19:57:27 WARN  (DecompileCallback) Decompiling 00298464, pcode error at 59080000: Could not follow disassembly flow into non-existing memory at 59080000  
2026-05-25 19:57:27 WARN  (DecompileCallback) Decompiling 00298464: Unable to read bytes at ram:89e30000  
2026-05-25 19:57:27 WARN  (DecompileCallback) Decompiling 42178464: Unable to read bytes at ram:ffe90683  
2026-05-25 19:57:27 WARN  (DecompileCallback) Decompiling 42178464: Unable to read bytes at ram:89e30000  
2026-05-25 19:57:27 WARN  (DecompileCallback) Decompiling 42178464, pcode error at 59080000: Could not follow disassembly flow into non-existing memory at 59080000  
2026-05-25 19:57:27 WARN  (DecompileCallback) Decompiling 42178464: Unable to read bytes at ram:89e30000  
2026-05-25 19:57:27 WARN  (DecompileCallback) Decompiling 00293be4: Unable to read bytes at ram:37e83832  
2026-05-25 19:57:27 WARN  (DecompileCallback) Decompiling 00293be4: Unable to read bytes at ram:4420130c  
2026-05-25 19:57:27 WARN  (DecompileCallback) Decompiling 42173be4: Unable to read bytes at ram:37e83832  
2026-05-25 19:57:27 WARN  (DecompileCallback) Decompiling 42173be4: Unable to read bytes at ram:4420130c  
2026-05-25 19:57:41 DEBUG (FidAnalyzer) No FID Libraries apply for language Xtensa:LE:32:default  
2026-05-25 19:57:41 INFO  (PackedDatabaseCache) Packed database cache: /var/tmp/jmitch-ghidra/packed-db-cache  
2026-05-25 19:57:41 DEBUG (PackedDatabaseCache) Using cached packed database: /opt/homebrew/Cellar/ghidra/12.1/libexec/Ghidra/Features/Base/data/typeinfo/generic/generic_clib.gdt  
2026-05-25 19:57:42 INFO  (ApplyDataArchiveAnalyzer) Applied data type archive: generic_clib  
2026-05-25 19:57:48 DEBUG (InstructionError) Instruction conflict details at 42087e14
  New Instruction: retw.n
     loopEnd(01,01) == 0x1
  Existing Instruction: retw.n
     [Instruction context has not been set]  
2026-05-25 19:57:48 DEBUG (InstructionError) Instruction conflict details at 42087e14
  New Instruction: retw.n
     loopEnd(01,01) == 0x1
  Existing Instruction: retw.n
     [Instruction context has not been set]  
2026-05-25 19:57:48 DEBUG (InstructionError) Instruction conflict details at 42087e14
  New Instruction: retw.n
     loopEnd(01,01) == 0x1
  Existing Instruction: retw.n
     [Instruction context has not been set]  
2026-05-25 19:57:51 WARN  (DecompileCallback) Decompiling 4213c9d8: Unable to read bytes at ram:20c02099  
2026-05-25 19:57:51 WARN  (DecompileCallback) Decompiling 4214b47c: Unable to read bytes at ram:d10adc05  
2026-05-25 19:57:52 WARN  (DecompileCallback) Decompiling 421837f4: Unable to read bytes at ram:25202975  
2026-05-25 19:57:52 WARN  (DecompileCallback) Decompiling 421837f4, pcode error at 25282045: Could not follow disassembly flow into non-existing memory at 25282045  
2026-05-25 19:57:52 WARN  (DecompileCallback) Decompiling 421837f4: Unable to read bytes at ram:25202975  
2026-05-25 19:57:52 WARN  (DecompileCallback) Decompiling 421837f4, pcode error at 25282045: Could not follow disassembly flow into non-existing memory at 25282045  
2026-05-25 19:57:52 WARN  (DecompileCallback) Decompiling 421837f4: Unable to read bytes at ram:25202975  
2026-05-25 19:57:53 WARN  (DecompileCallback) Decompiling 42168624: Unable to read bytes at ram:5491e9dc  
2026-05-25 19:57:53 WARN  (DecompileCallback) Decompiling 42168624: Unable to read bytes at ram:0898bb67  
2026-05-25 19:57:53 WARN  (DecompileCallback) Decompiling 42168624: Unable to read bytes at ram:ba849159  
2026-05-25 19:57:53 WARN  (DecompileCallback) Decompiling 42168624: Unable to read bytes at ram:cc0998ba  
2026-05-25 19:57:55 WARN  (DecompileCallback) Decompiling 4216baa0: Unable to read bytes at ram:89bb5491  
2026-05-25 19:57:56 WARN  (DecompileCallback) Decompiling 4216e3b8: Unable to read bytes at ram:1b884bac  
2026-05-25 19:57:56 WARN  (DecompileCallback) Decompiling 4216e3b8: Unable to read bytes at ram:29bb3091  
2026-05-25 19:57:56 WARN  (DecompileCallback) Decompiling 4216e4a4: Unable to read bytes at ram:96c02580  
2026-05-25 19:57:56 WARN  (DecompileCallback) Decompiling 4216e4a4: Unable to read bytes at ram:1b884bac  
2026-05-25 19:57:56 WARN  (DecompileCallback) Decompiling 4216e4a4: Unable to read bytes at ram:29bb3091  
2026-05-25 19:57:56 WARN  (DecompileCallback) Decompiling 4216e4a4: Unable to read bytes at ram:0b2801d2  
2026-05-25 19:57:57 WARN  (DecompileCallback) Decompiling 42173cd0: Unable to read bytes at ram:0242ce99  
2026-05-25 19:57:57 WARN  (DecompileCallback) Decompiling 42173cd0: Unable to read bytes at ram:37e83832  
2026-05-25 19:57:57 WARN  (DecompileCallback) Decompiling 42173cd0: Unable to read bytes at ram:4420130c  
2026-05-25 19:57:57 WARN  (DecompileCallback) Decompiling 42173cd0: Unable to read bytes at ram:3c082210  
2026-05-25 19:57:57 WARN  (DecompileCallback) Decompiling 42174353: Unable to read bytes at ram:ffee0674  
2026-05-25 19:57:58 WARN  (DecompileCallback) Decompiling 42178550: Unable to read bytes at ram:e7c6040c  
2026-05-25 19:57:58 WARN  (DecompileCallback) Decompiling 42178550: Unable to read bytes at ram:ffe90683  
2026-05-25 19:57:58 WARN  (DecompileCallback) Decompiling 42178550: Unable to read bytes at ram:89e30000  
2026-05-25 19:57:58 WARN  (DecompileCallback) Decompiling 42178550: Unable to read bytes at ram:86140cff  
2026-05-25 19:57:58 WARN  (DecompileCallback) Decompiling 42178550, pcode error at 59080000: Could not follow disassembly flow into non-existing memory at 59080000  
2026-05-25 19:57:58 WARN  (DecompileCallback) Decompiling 42178550: Unable to read bytes at ram:e7c6040c  
2026-05-25 19:57:58 WARN  (DecompileCallback) Decompiling 42178550: Unable to read bytes at ram:ffe90683  
2026-05-25 19:57:58 WARN  (DecompileCallback) Decompiling 42178550: Unable to read bytes at ram:89e30000  
2026-05-25 19:57:58 WARN  (DecompileCallback) Decompiling 42178550: Unable to read bytes at ram:86140cff  
2026-05-25 19:57:58 WARN  (DecompileCallback) Decompiling 42178550, pcode error at 59080000: Could not follow disassembly flow into non-existing memory at 59080000  
2026-05-25 19:57:58 WARN  (DecompileCallback) Decompiling 42178550: Unable to read bytes at ram:89e30000  
2026-05-25 19:58:27 INFO  (AutoAnalysisManager) -----------------------------------------------------
    ASCII Strings                              0.648 secs
    Apply Data Archives                        0.496 secs
    Basic Constant Reference Analyzer         13.883 secs
    Call Convention ID                         0.042 secs
    Call-Fixup Installer                       0.173 secs
    Create Address Tables                      0.371 secs
    Create Address Tables - One Time          18.412 secs
    Create Function                            2.187 secs
    Data Reference                             2.694 secs
    Decompiler Switch Analysis                15.340 secs
    Demangler GNU                              0.032 secs
    Disassemble                                7.364 secs
    Disassemble Entry Points                   0.004 secs
    Disassemble Entry Points - One Time        0.000 secs
    Embedded Media                             0.096 secs
    External Entry References                  0.000 secs
    Function ID                                0.027 secs
    Function Start Search                      0.141 secs
    Function Start Search After Code           0.107 secs
    Function Start Search After Data           0.013 secs
    Non-Returning Functions - Discovered       2.873 secs
    Reference                                  3.521 secs
    Shared Return Calls                        0.883 secs
    Stack                                      9.469 secs
    Subroutine References                      1.088 secs
    Subroutine References - One Time           0.136 secs
-----------------------------------------------------
     Total Time   80 secs
-----------------------------------------------------
  
2026-05-25 19:58:27 INFO  (HeadlessAnalyzer) REPORT: Analysis succeeded for file: file:///Users/jmitch/GitHub/Murphy_M3/analysis/extracted/app0.bin  
2026-05-25 19:58:27 INFO  (LocalFileSystem) /app0.bin: file created (jmitch)  
2026-05-25 19:58:27 INFO  (HeadlessAnalyzer) REPORT: Save succeeded for: /app0.bin (MurphyM3:/app0.bin)  
2026-05-25 19:58:27 INFO  (HeadlessAnalyzer) REPORT: Import succeeded  
